mode: set
github.com/dairyo/compiledrepo/repository.go:80.46,81.26 1 1
github.com/dairyo/compiledrepo/repository.go:81.26,81.46 1 1
github.com/dairyo/compiledrepo/repository.go:85.38,86.26 1 1
github.com/dairyo/compiledrepo/repository.go:86.26,86.42 1 1
github.com/dairyo/compiledrepo/repository.go:90.30,91.26 1 1
github.com/dairyo/compiledrepo/repository.go:91.26,91.40 1 1
github.com/dairyo/compiledrepo/repository.go:96.103,97.36 1 1
github.com/dairyo/compiledrepo/repository.go:97.36,99.3 1 1
github.com/dairyo/compiledrepo/repository.go:101.2,102.38 1 1
github.com/dairyo/compiledrepo/repository.go:102.38,102.51 1 1
github.com/dairyo/compiledrepo/repository.go:107.2,107.27 1 1
github.com/dairyo/compiledrepo/repository.go:107.27,109.3 1 1
github.com/dairyo/compiledrepo/repository.go:111.2,112.18 2 1
github.com/dairyo/compiledrepo/repository.go:113.13,114.31 1 1
github.com/dairyo/compiledrepo/repository.go:115.12,116.29 1 1
github.com/dairyo/compiledrepo/repository.go:117.24,118.30 1 1
github.com/dairyo/compiledrepo/repository.go:119.10,120.55 1 1
github.com/dairyo/compiledrepo/repository.go:123.2,133.11 2 1
github.com/dairyo/compiledrepo/repository.go:133.11,134.43 1 1
github.com/dairyo/compiledrepo/repository.go:134.43,136.4 1 1
github.com/dairyo/compiledrepo/repository.go:138.2,138.18 1 1
github.com/dairyo/compiledrepo/repository.go:143.56,145.16 2 1
github.com/dairyo/compiledrepo/repository.go:145.16,148.3 2 1
github.com/dairyo/compiledrepo/repository.go:150.2,151.16 2 1
github.com/dairyo/compiledrepo/repository.go:151.16,154.3 2 1
github.com/dairyo/compiledrepo/repository.go:156.2,157.17 2 1
github.com/dairyo/compiledrepo/repository.go:162.44,163.80 1 1
github.com/dairyo/compiledrepo/repository.go:163.80,164.17 1 1
github.com/dairyo/compiledrepo/repository.go:164.17,166.4 1 1
github.com/dairyo/compiledrepo/repository.go:168.3,168.28 1 1
github.com/dairyo/compiledrepo/repository.go:168.28,170.4 1 1
github.com/dairyo/compiledrepo/repository.go:172.3,172.38 1 1
github.com/dairyo/compiledrepo/repository.go:172.38,174.4 1 1
github.com/dairyo/compiledrepo/repository.go:176.3,177.13 2 1
github.com/dairyo/compiledrepo/repository.go:184.51,187.39 2 1
github.com/dairyo/compiledrepo/repository.go:187.39,190.3 2 1
github.com/dairyo/compiledrepo/repository.go:193.2,193.42 1 1
github.com/dairyo/compiledrepo/repository.go:193.42,195.3 1 1
github.com/dairyo/compiledrepo/repository.go:198.2,198.16 1 1
github.com/dairyo/compiledrepo/repository.go:198.16,201.3 2 1
github.com/dairyo/compiledrepo/repository.go:204.2,208.42 3 1
github.com/dairyo/compiledrepo/repository.go:208.42,210.3 1 0
github.com/dairyo/compiledrepo/repository.go:212.2,212.23 1 1
